Calculating task graph as configuration cache cannot be reused because file 'gradle.properties' has changed.

[Incubating] Problems report is available at: file:///C:/Users/adamj/Documents/GitHub/voidium/build/reports/problems/problems-report.html
./gradlew : 
At line:1 char:1
+ ./gradlew build 2>&1
 > build_output.txt; G
et-Content build_outpu
t.txt
+ ~~~~~~~~~~~~~~~~~~~~
~~~~~~~~~~~~~~~~~~~
    + CategoryInfo    
          : NotSpeci  
  fied: (:String) [   
 ], RemoteExceptio    
n
    + FullyQualifiedE 
   rrorId : NativeCo  
  mmandError
 
FAILURE: Build failed 
with an exception.

* Where:
Build file 'C:\Users\a
damj\Documents\GitHub\
voidium\build.gradle' 
line: 197

* What went wrong:
Could not determine th
e dependencies of task
 ':jar'.
> Could not create tas
k ':jarJar'.
   > Querying the mapp
ed value of task ':sha
dowJar' property 'arch
iveFile' before task '
:shadowJar' has comple
ted is not supported

* Try:
> Run with --stacktrac
e option to get the st
ack trace.
> Run with --info or -
-debug option to get m
ore log output.
> Run with --scan to g
et full insights.
> Get more help at htt
ps://help.gradle.org.

Deprecated Gradle features were used in this build, making it incompatible with Gradle 9.0.

You can use '--warning-mode all' to show the individual deprecation warnings and determine if they come from your own scripts or plugins.

For more on this, please refer to https://docs.gradle.org/8.14.3/userguide/command_line_interface.html#sec:command_line_warnings in the Gradle documentation.

BUILD FAILED in 555ms
Configuration cache entry stored.
